2025-12-01 10:54:21,531 INFO o.a.j.u.JMeterUtils: Setting Locale to en_EN
2025-12-01 10:54:21,548 INFO o.a.j.JMeter: Loading user properties from: /opt/homebrew/Cellar/jmeter/5.6.3/libexec/bin/user.properties
2025-12-01 10:54:21,549 INFO o.a.j.JMeter: Loading system properties from: /opt/homebrew/Cellar/jmeter/5.6.3/libexec/bin/system.properties
2025-12-01 10:54:21,552 INFO o.a.j.JMeter: Copyright (c) 1998-2024 The Apache Software Foundation
2025-12-01 10:54:21,552 INFO o.a.j.JMeter: Version 5.6.3
2025-12-01 10:54:21,552 INFO o.a.j.JMeter: java.version=21.0.9
2025-12-01 10:54:21,552 INFO o.a.j.JMeter: java.vm.name=OpenJDK 64-Bit Server VM
2025-12-01 10:54:21,552 INFO o.a.j.JMeter: os.name=Mac OS X
2025-12-01 10:54:21,552 INFO o.a.j.JMeter: os.arch=aarch64
2025-12-01 10:54:21,552 INFO o.a.j.JMeter: os.version=26.1
2025-12-01 10:54:21,552 INFO o.a.j.JMeter: file.encoding=UTF-8
2025-12-01 10:54:21,553 INFO o.a.j.JMeter: java.awt.headless=null
2025-12-01 10:54:21,553 INFO o.a.j.JMeter: Max memory     =1073741824
2025-12-01 10:54:21,553 INFO o.a.j.JMeter: Available Processors =8
2025-12-01 10:54:21,558 INFO o.a.j.JMeter: Default Locale=English (EN)
2025-12-01 10:54:21,559 INFO o.a.j.JMeter: JMeter  Locale=English (EN)
2025-12-01 10:54:21,559 INFO o.a.j.JMeter: JMeterHome=/opt/homebrew/Cellar/jmeter/5.6.3/libexec
2025-12-01 10:54:21,559 INFO o.a.j.JMeter: user.dir  =/Users/sushmitashrestha/Documents/workspace-spring-tools-for-eclipse-4.32.0.RELEASE/parking-ticket
2025-12-01 10:54:21,559 INFO o.a.j.JMeter: PWD       =/Users/sushmitashrestha/Documents/workspace-spring-tools-for-eclipse-4.32.0.RELEASE/parking-ticket
2025-12-01 10:54:21,562 INFO o.a.j.JMeter: IP: 127.0.0.1 Name: Sush.local FullName: localhost
2025-12-01 10:54:21,569 INFO o.a.j.JMeter: Loaded icon properties from org/apache/jmeter/images/icon.properties
2025-12-01 10:54:22,322 INFO o.a.j.JMeterGuiLauncher: Setting LAF to: com.github.weisj.darklaf.DarkLaf:com.github.weisj.darklaf.theme.DarculaTheme
2025-12-01 10:54:23,464 INFO o.a.j.r.ClassFinder: Will scan jar /opt/homebrew/Cellar/jmeter/5.6.3/libexec/lib/ext/jmeter-plugins-manager-1.9.jar with filter ExtendsClassFilter [parents=[interface org.apache.jmeter.gui.action.Command], inner=false, contains=null, notContains=null]. Consider exposing JMeter plugins via META-INF/services, and add JMeter-Skip-Class-Scanning=true manifest attribute so JMeter can skip classfile scanning
2025-12-01 10:54:23,529 INFO o.a.j.r.ClassFinder: Will scan jar /opt/homebrew/Cellar/jmeter/5.6.3/libexec/lib/ext/jmeter-plugins-manager-1.9.jar with filter ExtendsClassFilter [parents=[interface org.apache.jmeter.gui.plugin.MenuCreator], inner=false, contains=null, notContains=null]. Consider exposing JMeter plugins via META-INF/services, and add JMeter-Skip-Class-Scanning=true manifest attribute so JMeter can skip classfile scanning
2025-12-01 10:54:23,605 INFO o.j.r.JARSourceHTTP: Requesting https://jmeter-plugins.org/repo/?installID=mac_os_x-b6c19799b2c552e1778816a94a18af5d-gui
2025-12-01 10:54:27,169 INFO o.j.r.PluginManager: Plugins Status: [jpgc-plugins-manager=1.9, jmeter-core=5.6.3, jmeter-ftp=5.6.3, jmeter-http=5.6.3, jmeter-jdbc=5.6.3, jmeter-jms=5.6.3, jmeter-junit=5.6.3, jmeter-java=5.6.3, jmeter-ldap=5.6.3, jmeter-mail=5.6.3, jmeter-mongodb=5.6.3, jmeter-native=5.6.3, jmeter-tcp=5.6.3, jmeter-components=5.6.3]
2025-12-01 10:54:27,171 INFO o.j.r.PluginManagerMenuItem: Plugins Manager has upgrades: [jpgc-plugins-manager]
2025-12-01 10:54:29,102 INFO o.a.j.s.FileServer: Default base='/Users/sushmitashrestha/Documents/workspace-spring-tools-for-eclipse-4.32.0.RELEASE/parking-ticket'
2025-12-01 10:54:29,104 INFO o.a.j.g.a.Load: Loading file: /Users/sushmitashrestha/Documents/workspace-spring-tools-for-eclipse-4.32.0.RELEASE/parking-ticket/jmeter.jmx
2025-12-01 10:54:29,104 INFO o.a.j.s.FileServer: Set new base='/Users/sushmitashrestha/Documents/workspace-spring-tools-for-eclipse-4.32.0.RELEASE/parking-ticket'
2025-12-01 10:54:29,192 INFO o.a.j.s.SaveService: Testplan (JMX) version: 2.2. Testlog (JTL) version: 2.2
2025-12-01 10:54:29,195 INFO o.a.j.s.SaveService: Using SaveService properties version 5.0
2025-12-01 10:54:29,196 INFO o.a.j.s.SaveService: Using SaveService properties file encoding UTF-8
2025-12-01 10:54:29,197 INFO o.a.j.s.SaveService: Loading file: /Users/sushmitashrestha/Documents/workspace-spring-tools-for-eclipse-4.32.0.RELEASE/parking-ticket/jmeter.jmx
2025-12-01 10:54:29,241 INFO o.a.j.p.h.s.HTTPSamplerBase: Parser for text/html is org.apache.jmeter.protocol.http.parser.LagartoBasedHtmlParser
2025-12-01 10:54:29,241 INFO o.a.j.p.h.s.HTTPSamplerBase: Parser for application/xhtml+xml is org.apache.jmeter.protocol.http.parser.LagartoBasedHtmlParser
2025-12-01 10:54:29,241 INFO o.a.j.p.h.s.HTTPSamplerBase: Parser for application/xml is org.apache.jmeter.protocol.http.parser.LagartoBasedHtmlParser
2025-12-01 10:54:29,241 INFO o.a.j.p.h.s.HTTPSamplerBase: Parser for text/xml is org.apache.jmeter.protocol.http.parser.LagartoBasedHtmlParser
2025-12-01 10:54:29,241 INFO o.a.j.p.h.s.HTTPSamplerBase: Parser for text/vnd.wap.wml is org.apache.jmeter.protocol.http.parser.RegexpHTMLParser
2025-12-01 10:54:29,241 INFO o.a.j.p.h.s.HTTPSamplerBase: Parser for text/css is org.apache.jmeter.protocol.http.parser.CssParser
2025-12-01 10:54:29,328 INFO o.a.j.s.SampleResult: Note: Sample TimeStamps are START times
2025-12-01 10:54:29,328 INFO o.a.j.s.SampleResult: sampleresult.default.encoding is set to UTF-8
2025-12-01 10:54:29,328 INFO o.a.j.s.SampleResult: sampleresult.useNanoTime=true
2025-12-01 10:54:29,328 INFO o.a.j.s.SampleResult: sampleresult.nanoThreadSleep=5000
2025-12-01 10:54:29,380 INFO o.a.j.r.ClassFinder: Will scan jar /opt/homebrew/Cellar/jmeter/5.6.3/libexec/lib/ext/jmeter-plugins-manager-1.9.jar with filter ExtendsClassFilter [parents=[interface org.apache.jmeter.visualizers.ResultRenderer], inner=false, contains=null, notContains=null]. Consider exposing JMeter plugins via META-INF/services, and add JMeter-Skip-Class-Scanning=true manifest attribute so JMeter can skip classfile scanning
2025-12-01 10:54:29,394 INFO o.a.j.r.ClassFinder: Will scan jar /opt/homebrew/Cellar/jmeter/5.6.3/libexec/lib/ext/jmeter-plugins-manager-1.9.jar with filter ExtendsClassFilter [parents=[interface org.apache.jmeter.visualizers.RequestView], inner=false, contains=null, notContains=null]. Consider exposing JMeter plugins via META-INF/services, and add JMeter-Skip-Class-Scanning=true manifest attribute so JMeter can skip classfile scanning
2025-12-01 10:54:29,418 INFO o.a.j.r.ClassFinder: Will scan jar /opt/homebrew/Cellar/jmeter/5.6.3/libexec/lib/ext/jmeter-plugins-manager-1.9.jar with filter ExtendsClassFilter [parents=[interface org.apache.jmeter.visualizers.ResultRenderer], inner=false, contains=null, notContains=null]. Consider exposing JMeter plugins via META-INF/services, and add JMeter-Skip-Class-Scanning=true manifest attribute so JMeter can skip classfile scanning
2025-12-01 10:54:29,425 INFO o.a.j.r.ClassFinder: Will scan jar /opt/homebrew/Cellar/jmeter/5.6.3/libexec/lib/ext/jmeter-plugins-manager-1.9.jar with filter ExtendsClassFilter [parents=[interface org.apache.jmeter.visualizers.RequestView], inner=false, contains=null, notContains=null]. Consider exposing JMeter plugins via META-INF/services, and add JMeter-Skip-Class-Scanning=true manifest attribute so JMeter can skip classfile scanning
2025-12-01 10:54:29,441 INFO o.a.j.r.ClassFinder: Will scan jar /opt/homebrew/Cellar/jmeter/5.6.3/libexec/lib/ext/jmeter-plugins-manager-1.9.jar with filter ExtendsClassFilter [parents=[interface org.apache.jmeter.visualizers.ResultRenderer], inner=false, contains=null, notContains=null]. Consider exposing JMeter plugins via META-INF/services, and add JMeter-Skip-Class-Scanning=true manifest attribute so JMeter can skip classfile scanning
2025-12-01 10:54:29,446 INFO o.a.j.r.ClassFinder: Will scan jar /opt/homebrew/Cellar/jmeter/5.6.3/libexec/lib/ext/jmeter-plugins-manager-1.9.jar with filter ExtendsClassFilter [parents=[interface org.apache.jmeter.visualizers.RequestView], inner=false, contains=null, notContains=null]. Consider exposing JMeter plugins via META-INF/services, and add JMeter-Skip-Class-Scanning=true manifest attribute so JMeter can skip classfile scanning
2025-12-01 10:54:29,497 INFO o.a.j.s.FileServer: Set new base='/Users/sushmitashrestha/Documents/workspace-spring-tools-for-eclipse-4.32.0.RELEASE/parking-ticket'
